python manage.py test
Found 9 test(s).
Creating test database for alias 'default'...
System check identified no issues (0 silenced).
.........
----------------------------------------------------------------------
Ran 9 tests in 1.403s

OK
Destroying test database for alias 'default'...